                                               Experiment No: 17

                                            PL/SQL PROGRAMS â€“ CURSOR
----------------------------------------------------------------------------------------------------------
----------------------------------------------------------------------------------------------------------
----------------------------------------------------------------------------------------------------------



QUESTION : 
     

Write a PL/SQL program to create a name list of customers using CURSOR                 

QUERY :


mysql> delimiter //
mysql> create procedure listname(inout name_list varchar(4000))
    -> begin
    -> declare is_done integer default 0;
    -> declare s_name varchar(100) default "";
    -> declare stud_cursor cursor for
    -> select name from customer;
    -> declare continue handler for not found set is_done=1;
    -> open stud_cursor;
    -> get_list: loop
    -> fetch stud_cursor into s_name;
    -> if is_done =1 then
    -> leave get_list;
    -> end if;
    -> set name_list = concat(s_name,";",name_list);
    -> end loop get_list;
    -> close stud_cursor;
    -> end
    -> //
Query OK, 0 rows affected (0.02 sec)

mysql> set @name_list ="";
    -> //
Query OK, 0 rows affected (0.00 sec)

mysql> call listname(@name_list);
    -> //
Query OK, 0 rows affected (0.00 sec)

mysql> select @name_list;
    -> //
+----------------------------------------------------+
| @name_list                                         |
+----------------------------------------------------+
| anu;ammu;aza;arc;lilly;anulf;anulf;emir;sanam;jan; |
+----------------------------------------------------+
1 row in set (0.00 sec)


------------------------------------------------------------------------------------------------------------


//VERIFIED
